2026-05-17 23:29:47,141 [INFO] Starting End-to-End Revenue Intelligence Execution Flow...
2026-05-17 23:29:47,141 [INFO] Initiating synthetic generation for 5000 enterprise records...
2026-05-17 23:29:47,236 [INFO] Connecting to Climatiq Global Carbon Registry API...
2026-05-17 23:29:48,787 [WARNING] API HTTP 400 for Steel. Executing fallback protocol.
2026-05-17 23:29:49,931 [WARNING] API HTTP 400 for Aluminum. Executing fallback protocol.
2026-05-17 23:29:51,034 [WARNING] API HTTP 400 for Plastic. Executing fallback protocol.
2026-05-17 23:29:52,188 [WARNING] API HTTP 400 for Copper. Executing fallback protocol.
2026-05-17 23:29:53,284 [WARNING] API HTTP 400 for Glass. Executing fallback protocol.
2026-05-17 23:29:54,547 [WARNING] API HTTP 400 for Iron. Executing fallback protocol.
2026-05-17 23:29:55,535 [INFO] Opening encrypted tunnel to AWS RDS Instance...
2026-05-17 23:29:55,719 [CRITICAL] Pipeline broken during database load transaction: (psycopg2.OperationalError) connection to server at "carbmee-gtm-project.cxe0cmg0c2d1.ap-south-1.rds.amazonaws.com" (13.205.177.191), port 5432 failed: root certificate file "global-bundle.pem" does not exist
Either provide the file, use the system's trusted roots with sslrootcert=system, or change sslmode to disable server certificate verification.

(Background on this error at: https://sqlalche.me/e/20/e3q8)
2026-05-17 23:30:30,603 [INFO] Starting End-to-End Revenue Intelligence Execution Flow...
2026-05-17 23:30:30,603 [INFO] Initiating synthetic generation for 5000 enterprise records...
2026-05-17 23:30:30,702 [INFO] Connecting to Climatiq Global Carbon Registry API...
2026-05-17 23:30:31,829 [WARNING] API HTTP 400 for Steel. Executing fallback protocol.
2026-05-17 23:30:32,915 [WARNING] API HTTP 400 for Aluminum. Executing fallback protocol.
2026-05-17 23:30:33,998 [WARNING] API HTTP 400 for Plastic. Executing fallback protocol.
2026-05-17 23:30:35,020 [WARNING] API HTTP 400 for Copper. Executing fallback protocol.
2026-05-17 23:30:36,120 [WARNING] API HTTP 400 for Glass. Executing fallback protocol.
2026-05-17 23:30:37,196 [WARNING] API HTTP 400 for Iron. Executing fallback protocol.
2026-05-17 23:30:37,399 [INFO] Opening encrypted tunnel to AWS RDS Instance...
2026-05-17 23:30:37,524 [CRITICAL] Pipeline broken during database load transaction: (psycopg2.OperationalError) connection to server at "carbmee-gtm-project.cxe0cmg0c2d1.ap-south-1.rds.amazonaws.com" (13.205.177.191), port 5432 failed: root certificate file "global-bundle.pem" does not exist
Either provide the file, use the system's trusted roots with sslrootcert=system, or change sslmode to disable server certificate verification.

(Background on this error at: https://sqlalche.me/e/20/e3q8)
2026-05-17 23:34:32,036 [INFO] Starting End-to-End Revenue Intelligence Execution Flow...
2026-05-17 23:34:32,036 [INFO] Initiating synthetic generation for 5000 enterprise records...
2026-05-17 23:34:32,128 [INFO] Connecting to Climatiq Global Carbon Registry API...
2026-05-17 23:34:33,438 [INFO] Successfully locked API verified factor for Steel: 0.210680118851
2026-05-17 23:34:34,496 [INFO] Successfully locked API verified factor for Aluminum: 15.8690968
2026-05-17 23:34:35,531 [WARNING] API HTTP 400 for Plastic. Executing fallback protocol.
2026-05-17 23:34:36,612 [INFO] Successfully locked API verified factor for Copper: 4.04
2026-05-17 23:34:37,685 [WARNING] API HTTP 400 for Glass. Executing fallback protocol.
2026-05-17 23:34:38,787 [INFO] Successfully locked API verified factor for Iron: 1.66
2026-05-17 23:34:39,038 [INFO] Opening encrypted tunnel to AWS RDS Instance...
